 1. Porn.com                http://www.porn.com/videos?o=f7/   - accepted
 2. xHamster                http://xhamster.com/               
 3. PornHub                 http://www.pornhub.com/            
 4. PornHD                  http://www.pornhd.com/             - accepted
 5. PornTube                http://porntube.com/               
 6. Motherless              http://www.motherless.com/         - accepted
 7. ePorner                 https://www.eporner.com/           
 8. PornDig                 https://www.porndig.com/           - accepted
 9. GotPorn                 http://www.gotporn.com/            
 10. RedTube                http://www.redtube.com/            - accepted
 11. PornBurst              http://www.pornburst.xxx/          
 12. Vporn                  http://www.vporn.com/              - accepted
 13. xVideos                http://www.xvideos.com/            
 14. DrTuber                http://drtuber.com/                
 15. YouPorn                http://www.youporn.com/            
 16. CollectionOfPorn       http://collectionofbestporn.com/   - accepted
 17. 4tube                  http://4tube.com/                  
 18. PornDoe                http://porndoe.com/                
 19. 3Movs                  http://www.3movs.com/              
 20. DaPorn                 http://www.daporn.com/             
 21. NudeVista              http://nudevista.com/              
 22. Beeg                   http://beeg.com/                   
 23. Faapy                  http://faapy.com/                  
 24. FlyingJizz             http://www.flyingjizz.com/         
 25. MyPorn                 https://myporn.com/                
 26. PerfectGirls           http://www.perfectgirls.net/       
 27. NudeFlix               http://www.nudeflix.com/           - accepted
 28. PornTrex               http://porntrex.com/               - accepted
 29. Sexu                   http://sexu.com/                   
 30. XXXstreams             http://xxxstreams.org/             
 31. YouFreePornTube        http://youfreeporntube.com/        
 32. Tube8                  http://www.tube8.com/              - accepted
 33. Spankwire              http://spankwire.com/              - accepted
 34. Fux                    http://www.fux.com/                
 35. YourPorn               http://yourporn.sexy/              - accepted
 36. xKeezMovies            http://xkeezmovies.com/            
 37. SexVid                 https://www.sexvid.xxx/            
 38. TubeGalore             http://www.tubegalore.com/         
 39. DonFreePorn            http://donfreeporn.com/            - accepted
 40. XXXYMovies             http://www.xxxymovies.com/         
 41. Sexix                  http://sexix.net/                  - accepted
 42. SexGalaxy              http://sexgalaxy.net/              
 43. NuVid                  http://nuvid.com/                  
 44. PornWorms              http://www.pornworms.com/          
 45. PornerBros             http://pornerbros.com/             
 46. YourLust               http://yourlust.com/               
 47. Pussy                  http://pussy.com/                  
 48. FapSet                 http://fapset.com/                 
 49. BetterFap              http://betterfap.com/              
 50. PornHD4k               http://pornhd4k.com/               - accepted
 51. NetPornSex             http://netpornsex.com/             
 52. i-Gay                  http://i-gay.org/                  
 53. CzechHD                http://czechhd.net/                
 54. Her69                  http://her69.net/                  - accepted
 55. HD-EasyPorn            http://www.hd-easyporn.com/        
 56. PervertSlut            http://pervertslut.com/            - accepted
 57. Palimas                http://palimas.com/                
 58. PornBraze              http://pornbraze.com/              - accepted
 59. xBabe                  http://xbabe.com/                  
 60. PornSharing            http://pornsharing.com/            
 61. CrocoTube              http://crocotube.com/              
 62. SexTVx                 http://sextvx.com/                 
 63. PhicaTube              http://phicatube.net/              
 64. FlyFlv                 http://flyflv.com/                 
 65. xTapes                 http://xtapes.to/                  
 66. YourDailyPornVideos    http://yourdailypornvideos.com/    
 67. WatchXXXFree           http://watchxxxfree.com/           
 68. xTheatre               http://xtheatre.net/               
 69. PornoVideosHub         http://pornovideoshub.com/         
 70. PornFay                http://pornfay.com/                
 71. AlphaPorno             http://alphaporno.com/             
 72. BravoTeens             http://bravoteens.com/             
 73. TubeWolf               http://tubewolf.com/               
 74. Sex3                   http://sex3.com/                   
 75. Txxx                   http://txxx.com/                   
 76. ShameLess              http://shameless.com/              
 77. HDZog                  http://hdzog.com/                  
 78. YouJizz                http://www.youjizz.com/            
 79. Free18                 http://www.free18.net/             
 80. PornoMovies            http://www.pornomovies.com/        
 81. KatesTube              http://www.katestube.com/          
 82. YoungPornVideos        http://youngpornvideos.com/        
 83. x3xTube                http://x3xtube.com/                
 84. AlotPorn               http://www.alotporn.com/           
 85. FapTube                http://www.faptube.com/            
 86. xnxx                   http://www.xnxx.com/               
 87. SpankBang              http://www.spankbang.com/          
 88. Fuqer                  http://fuqer.com/                  
 89. TubeQ                  http://tubeq.xxx/                  
 90. KeezMovies             http://keezmovies.com/             
 91. HDmovz                 http://www.hdmovz.com/             
 92. ThisVid                http://www.thisvid.com/            
 93. TnaFlix                http://tnaflix.com/                
 94. ClipHunter             http://www.cliphunter.com/         
 95. XXvideoss              http://xxvideoss.org/              
 96. Vidz7                  http://vidz7.com/                  
 97. JizzMan                http://jizzman.com/                
 98. PornHD3x               http://pornhd3x.net/               
 99. Slutload               http://www.slutload.com/           
 100. EmpFlix               https://www.empflix.com/           
 101. HotWetTube            http://www.hotwettube.com/         
 102. xxxBunker             http://www.xxxbunker.com/          
 103. Pornoxo               http://pornoxo.com/                - accepted
 104. MadThumbs             http://www.madthumbs.com/          
 105. BigTits.com           http://www.bigtits.com/            
 106. PandaMovie            http://pandamovie.net/adult/       
 107. WatchPornX            http://watchpornx.com/             
 108. PornDish              http://porndish.com/               
 109. Sexiz                 http://sexiz.net/                  
 110. JAVsd                 http://javsd.net/                  
 111. VEporn                http://veporn.net/                 
 112. SoftcoreTube          http://softcoretube.org/           
 113. RedPorn               http://redporn.net/                
 114. XXXstreams.eu         http://xxxstreams.eu/              
 115. FullXXXMovies         http://fullxxxmovies.net/          
 116. Long.xxx              http://long.xxx/                   
 117. ToSeePorn             http://toseeporn.com/              - accepted
 118. HDpornFull            http://hdpornfull.com/             
 119. PlashPorn             http://plashporn.com/              
 120. Egbo                  http://egbo.com/                   
 121. 24Videos              http://24videos.tv/                - accepted
 122. PornDoo               https://porndoo.com/               
 123. PussySpace            http://www.pussyspace.com/         
 124. BeemTube              http://beemtube.com/               - accepted
 125. GameOfPorn            http://gameofporn.net/             
 126. FreePornBR            http://freepornbr.com/             
 127. HDporner720           http://hdporner720.com/            
 128. Veronicca             https://veronicca.com/             - accepted
 129. Bobs-Tube             https://bobs-tube.com/             
 130. x18                   http://x18.xxx/                    
 131. PornStreams           http://pornstreams.eu/             
 132. PornVibe              http://pornvibe.org/               
 133. TeenFucktory          http://www.teenfucktory.com/       
 134. AdultFreeX            http://adultfreex.com/             
 135. HDpornT               https://www.hdpornt.com/           
 136. LongPorn              http://longporn.com/               
 137. AnySex                http://anysex.com/                 
 138. DVDtrailerTube        http://dvdtrailertube.com/         
 139. PornHan               http://pornhan.com/                
